
> server@1.0.0 dev
> nodemon --exec tsx src/index.ts

[33m[nodemon] 3.1.14[39m
[33m[nodemon] to restart at any time, enter `rs`[39m
[33m[nodemon] watching path(s): *.*[39m
[33m[nodemon] watching extensions: ts,json[39m
[32m[nodemon] starting `tsx src/index.ts`[39m
◇ injected env (11) from .env // tip: ◈ secrets for agents [www.dotenvx.com]
◇ injected env (0) from .env // tip: ◈ encrypted .env [www.dotenvx.com]
[31m[nodemon] app crashed - waiting for file changes before starting...[39m
[32m[nodemon] restarting due to changes...[39m
[32m[nodemon] starting `tsx src/index.ts`[39m
◇ injected env (11) from .env // tip: ⌘ custom filepath { path: '/custom/path/.env' }
◇ injected env (0) from .env // tip: ◈ secrets for agents [www.dotenvx.com]
[31m[nodemon] app crashed - waiting for file changes before starting...[39m
[32m[nodemon] restarting due to changes...[39m
[32m[nodemon] starting `tsx src/index.ts`[39m
◇ injected env (11) from .env // tip: ⌁ auth for agents [www.vestauth.com]
◇ injected env (0) from .env // tip: ⌘ enable debugging { debug: true }
[31m[nodemon] app crashed - waiting for file changes before starting...[39m
[32m[nodemon] restarting due to changes...[39m
[32m[nodemon] starting `tsx src/index.ts`[39m
◇ injected env (11) from .env // tip: ⌘ enable debugging { debug: true }
[32m[nodemon] restarting due to changes...[39m
◇ injected env (0) from .env // tip: ◈ secrets for agents [www.dotenvx.com]
[32m[nodemon] starting `tsx src/index.ts`[39m
◇ injected env (11) from .env // tip: ⌘ override existing { override: true }
[32m[nodemon] restarting due to changes...[39m
◇ injected env (0) from .env // tip: ⌁ auth for agents [www.vestauth.com]
[32m[nodemon] starting `tsx src/index.ts`[39m
[32m[nodemon] restarting due to changes...[39m
◇ injected env (11) from .env // tip: ⌁ auth for agents [www.vestauth.com]
◇ injected env (0) from .env // tip: ⌘ enable debugging { debug: true }
[32m[nodemon] starting `tsx src/index.ts`[39m
◇ injected env (11) from .env // tip: ⌘ custom filepath { path: '/custom/path/.env' }
◇ injected env (0) from .env // tip: ◈ secrets for agents [www.dotenvx.com]
[31m[nodemon] app crashed - waiting for file changes before starting...[39m
